###############################################################################
#
# IAR ELF Linker V7.70.1.11437/W32 for ARM                27/Sep/2022  10:40:27
# Copyright 2007-2016 IAR Systems AB.
#
#    Output file  =  
#        C:\Users\CAPRIOTN\Desktop\temp\ti\TivaWare_C_Series-2.1.4.178\examples\boards\dk-tm4c123g\myUart_echo\ewarm\Exe\myUart_echo.out
#    Map file     =  
#        C:\Users\CAPRIOTN\Desktop\temp\ti\TivaWare_C_Series-2.1.4.178\examples\boards\dk-tm4c123g\myUart_echo\ewarm\List\myUart_echo.map
#    Command line =  
#        C:\Users\CAPRIOTN\Desktop\temp\ti\TivaWare_C_Series-2.1.4.178\examples\boards\dk-tm4c123g\myUart_echo\ewarm\Obj\cfal96x64x16.o
#        C:\Users\CAPRIOTN\Desktop\temp\ti\TivaWare_C_Series-2.1.4.178\driverlib\ewarm\Exe\driverlib.a
#        C:\Users\CAPRIOTN\Desktop\temp\ti\TivaWare_C_Series-2.1.4.178\grlib\ewarm\Exe\grlib.a
#        C:\Users\CAPRIOTN\Desktop\temp\ti\TivaWare_C_Series-2.1.4.178\examples\boards\dk-tm4c123g\myUart_echo\ewarm\Obj\myUart_echo.o
#        C:\Users\CAPRIOTN\Desktop\temp\ti\TivaWare_C_Series-2.1.4.178\examples\boards\dk-tm4c123g\myUart_echo\ewarm\Obj\startup_ewarm.o
#        --redirect _Printf=_PrintfTiny --redirect _Scanf=_ScanfSmall -o
#        C:\Users\CAPRIOTN\Desktop\temp\ti\TivaWare_C_Series-2.1.4.178\examples\boards\dk-tm4c123g\myUart_echo\ewarm\Exe\myUart_echo.out
#        --map
#        C:\Users\CAPRIOTN\Desktop\temp\ti\TivaWare_C_Series-2.1.4.178\examples\boards\dk-tm4c123g\myUart_echo\ewarm\List\myUart_echo.map
#        --config
#        C:\Users\CAPRIOTN\Desktop\temp\ti\TivaWare_C_Series-2.1.4.178\examples\boards\dk-tm4c123g\myUart_echo\myUart_echo.icf
#        --semihosting --entry __iar_program_start --vfe
#
###############################################################################

*******************************************************************************
*** RUNTIME MODEL ATTRIBUTES
***

CppFlavor       = *
__SystemLibrary = DLib


*******************************************************************************
*** PLACEMENT SUMMARY
***

"A0":  place at start of [0x00000000-0x0003ffff] { ro section .intvec };
"P1":  place in [from 0x00000000 to 0x0003ffff] { ro };
"P2":  place in [from 0x20000000 to 0x20007fff] { rw, block HEAP };
do not initialize { section .noinit };
initialize by copy { rw };

  Section            Kind        Address    Size  Object
  -------            ----        -------    ----  ------
"A0":                                      0x26c
  .intvec            const    0x00000000   0x26c  startup_ewarm.o [1]
                            - 0x0000026c   0x26c

"P1":                                     0x1f4e
  .text              ro code  0x0000026c   0x67c  myUart_echo.o [1]
  .text              ro code  0x000008e8    0xbe  uart.o [4]
  .text              ro code  0x000009a6    0xb2  rectangle.o [5]
  .text              ro code  0x00000a58    0x34  sprintf.o [3]
  .text              ro code  0x00000a8c   0x4ea  string.o [5]
  .text              ro code  0x00000f76     0x4  exit.o [3]
  .text              ro code  0x00000f7a     0xa  xsprout.o [3]
  .text              ro code  0x00000f84   0x2e4  sysctl.o [4]
  .text              ro code  0x00001268   0x588  cfal96x64x16.o [1]
  .text              ro code  0x000017f0    0x78  context.o [5]
  .text              ro code  0x00001868   0x18a  gpio.o [4]
  .text              ro code  0x000019f2   0x14e  xprintftiny.o [3]
  .text              ro code  0x00001b40     0xa  cexit.o [7]
  .text              ro code  0x00001b4c    0x36  strlen.o [7]
  .text              ro code  0x00001b84    0x14  exit.o [8]
  .rodata            const    0x00001b98   0x3c0  fontfixed6x8.o [5]
  .text              ro code  0x00001f58    0x38  packbits_init_single.o [7]
  .rodata            const    0x00001f90    0x28  cfal96x64x16.o [1]
  .text              ro code  0x00001fb8    0x28  data_init.o [7]
  .rodata            const    0x00001fe0    0x24  myUart_echo.o [1]
  .rodata            const    0x00002004    0x24  myUart_echo.o [1]
  .text              ro code  0x00002028    0x22  fpinit_M.o [6]
  .iar.init_table    const    0x0000204c    0x10  - Linker created -
  .rodata            const    0x0000205c    0x20  myUart_echo.o [1]
  .text              ro code  0x0000207c    0x1e  startup_ewarm.o [1]
  .text              ro code  0x0000209a     0xc  cstartup_M.o [7]
  .text              ro code  0x000020a8    0x1a  cmain.o [7]
  .text              ro code  0x000020c2     0x4  low_level_init.o [3]
  .rodata            const    0x000020c8    0x1c  myUart_echo.o [1]
  .rodata            const    0x000020e4    0x1c  myUart_echo.o [1]
  .rodata            const    0x00002100    0x1c  myUart_echo.o [1]
  .rodata            const    0x0000211c    0x18  myUart_echo.o [1]
  .rodata            const    0x00002134    0x14  myUart_echo.o [1]
  .rodata            const    0x00002148    0x14  myUart_echo.o [1]
  .rodata            const    0x0000215c    0x10  myUart_echo.o [1]
  .rodata            const    0x0000216c     0xc  myUart_echo.o [1]
  .rodata            const    0x00002178     0xc  myUart_echo.o [1]
  .rodata            const    0x00002184     0xc  myUart_echo.o [1]
  .rodata            const    0x00002190     0xc  myUart_echo.o [1]
  .text              ro code  0x0000219c     0x8  charmap.o [5]
  .rodata            const    0x000021a4     0x0  packbits_init_single.o [7]
  Initializer bytes  const    0x000021a4    0x16  <for P2-1>
                            - 0x000021ba  0x1f4e

"P2", part 1 of 2:                          0x59
  P2-1                        0x20000000    0x59  <Init block>
    .data            inited   0x20000000    0x14  cfal96x64x16.o [1]
    .bss             inited   0x20000014     0x8  myUart_echo.o [1]
    .bss             inited   0x2000001c    0x2c  myUart_echo.o [1]
    .bss             inited   0x20000048     0x4  myUart_echo.o [1]
    .bss             inited   0x2000004c     0x4  myUart_echo.o [1]
    .bss             inited   0x20000050     0x4  context.o [5]
    .bss             inited   0x20000054     0x1  myUart_echo.o [1]
    .bss             inited   0x20000055     0x1  myUart_echo.o [1]
    .bss             inited   0x20000056     0x1  myUart_echo.o [1]
    .bss             inited   0x20000057     0x1  myUart_echo.o [1]
    .bss             inited   0x20000058     0x1  myUart_echo.o [1]
                            - 0x20000059    0x59

"P2", part 2 of 2:                         0x200
  .noinit            uninit   0x2000005c   0x200  startup_ewarm.o [1]
                            - 0x2000025c   0x200


*******************************************************************************
*** INIT TABLE
***

          Address     Size
          -------     ----
Copy/packbits (__iar_packbits_init_single3)
    1 source range, total size 0x16 (24% of destination):
          0x000021a4  0x16
    1 destination range, total size 0x59:
          0x20000000  0x59



*******************************************************************************
*** MODULE SUMMARY
***

    Module                  ro code  ro data  rw data
    ------                  -------  -------  -------
C:\Users\CAPRIOTN\Desktop\temp\ti\TivaWare_C_Series-2.1.4.178\examples\boards\dk-tm4c123g\myUart_echo\ewarm\Obj: [1]
    cfal96x64x16.o            1 416       44       20
    myUart_echo.o             1 660      333       65
    startup_ewarm.o              30      620      512
    -------------------------------------------------
    Total:                    3 106      997      597

command line: [2]
    -------------------------------------------------
    Total:

dl7M_tln.a: [3]
    exit.o                        4
    low_level_init.o              4
    sprintf.o                    52
    xprintftiny.o               334
    xsprout.o                    10
    -------------------------------------------------
    Total:                      404

driverlib.a: [4]
    gpio.o                      394
    sysctl.o                    740
    uart.o                      190
    -------------------------------------------------
    Total:                    1 324

grlib.a: [5]
    charmap.o                     8
    context.o                   120        1        4
    fontfixed6x8.o                       960
    rectangle.o                 178
    string.o                  1 258
    -------------------------------------------------
    Total:                    1 564      961        4

m7M_tls.a: [6]
    fpinit_M.o                   34
    -------------------------------------------------
    Total:                       34

rt7M_tl.a: [7]
    cexit.o                      10
    cmain.o                      26
    cstartup_M.o                 12
    data_init.o                  40
    packbits_init_single.o       56
    strlen.o                     54
    -------------------------------------------------
    Total:                      198

shb_l.a: [8]
    exit.o                       20
    -------------------------------------------------
    Total:                       20

    Gaps                          6        4
    Linker created                        16
-----------------------------------------------------
    Grand Total:              6 656    1 978      601


*******************************************************************************
*** ENTRY LIST
***

Entry                      Address   Size  Type      Object
-----                      -------   ----  ----      ------
.iar.init_table$$Base   0x0000204c          --   Gb  - Linker created -
.iar.init_table$$Limit  0x0000205c          --   Gb  - Linker created -
?main                   0x000020a9         Code  Gb  cmain.o [7]
CFAL96x64x16ColorTranslate
                        0x00001645   0x18  Code  Lc  cfal96x64x16.o [1]
CFAL96x64x16Flush       0x0000165d    0x2  Code  Lc  cfal96x64x16.o [1]
CFAL96x64x16Init        0x0000165f  0x15a  Code  Gb  cfal96x64x16.o [1]
CFAL96x64x16LineDrawH   0x000014bb   0x9e  Code  Lc  cfal96x64x16.o [1]
CFAL96x64x16LineDrawV   0x00001559   0xbe  Code  Lc  cfal96x64x16.o [1]
CFAL96x64x16PixelDraw   0x000012f9   0x40  Code  Lc  cfal96x64x16.o [1]
CFAL96x64x16PixelDrawMultiple
                        0x00001339  0x182  Code  Lc  cfal96x64x16.o [1]
CFAL96x64x16RectFill    0x00001617   0x2e  Code  Lc  cfal96x64x16.o [1]
CFAL96x64x16WriteCommand
                        0x00001269   0x48  Code  Lc  cfal96x64x16.o [1]
CFAL96x64x16WriteData   0x000012b1   0x48  Code  Lc  cfal96x64x16.o [1]
FaultISR                0x00002097    0x2  Code  Lc  startup_ewarm.o [1]
GPIODirModeSet          0x00001869   0x28  Code  Gb  gpio.o [4]
GPIOPadConfigSet        0x00001891   0xfe  Code  Gb  gpio.o [4]
GPIOPinRead             0x0000198f    0x6  Code  Gb  gpio.o [4]
GPIOPinTypeGPIOInput    0x0000199f   0x14  Code  Gb  gpio.o [4]
GPIOPinTypeGPIOOutput   0x000019b3    0xa  Code  Gb  gpio.o [4]
GPIOPinTypeUART         0x000019d7   0x14  Code  Gb  gpio.o [4]
GPIOPinWrite            0x00001995    0x6  Code  Gb  gpio.o [4]
GrContextFontSet        0x00000f73    0x4  Code  Gb  string.o [5]
GrContextInit           0x000017f1   0x5e  Code  Gb  context.o [5]
GrDefaultStringRenderer
                        0x00000b0d   0xb2  Code  Gb  string.o [5]
GrFontBaselineGet       0x00000e65   0x18  Code  Gb  string.o [5]
GrFontCodepageGet       0x00000f17   0x1c  Code  Gb  string.o [5]
GrFontGlyphDataGet      0x00000e93   0x84  Code  Gb  string.o [5]
GrFontGlyphRender       0x00000bef  0x21e  Code  Gb  string.o [5]
GrFontInfoGet           0x00000e3b   0x2a  Code  Gb  string.o [5]
GrMapISO8859_1_Unicode  0x0000219d    0x8  Code  Gb  charmap.o [5]
GrRectFill              0x000009a7   0xb2  Code  Gb  rectangle.o [5]
GrStringDraw            0x00000af7   0x16  Code  Gb  string.o [5]
GrStringNextCharGet     0x00000bbf   0x30  Code  Gb  string.o [5]
GrStringWidthGet        0x00000a8d   0x6a  Code  Gb  string.o [5]
IntDefaultHandler       0x00002099    0x2  Code  Lc  startup_ewarm.o [1]
NmiSR                   0x00002095    0x2  Code  Lc  startup_ewarm.o [1]
Region$$Table$$Base     0x0000204c          --   Gb  - Linker created -
Region$$Table$$Limit    0x0000205c          --   Gb  - Linker created -
ResetISR                0x0000207d   0x14  Code  Gb  startup_ewarm.o [1]
SysCtlClockGet          0x000010a1  0x110  Code  Gb  sysctl.o [4]
SysCtlClockSet          0x00000fc9   0xd8  Code  Gb  sysctl.o [4]
SysCtlDelay             0x00000fc1    0x8  Code  Gb  sysctl.o [4]
SysCtlPeripheralEnable  0x00000fa5    0x8  Code  Gb  sysctl.o [4]
SysCtlPeripheralReady   0x00000f85    0x8  Code  Gb  sysctl.o [4]
UARTCharGetNonBlocking  0x00000981    0xe  Code  Gb  uart.o [4]
UARTCharPut             0x0000099d    0xa  Code  Gb  uart.o [4]
UARTCharPutNonBlocking  0x0000098f    0xe  Code  Gb  uart.o [4]
UARTCharsAvail          0x00000971    0x6  Code  Gb  uart.o [4]
UARTConfigSetExpClk     0x000008e9   0x4c  Code  Gb  uart.o [4]
UARTDisable             0x0000094f   0x1e  Code  Gb  uart.o [4]
UARTEnable              0x00000935   0x1a  Code  Gb  uart.o [4]
UARTIntHandler          0x0000026d   0x5a  Code  Gb  myUart_echo.o [1]
UARTSend                0x000002c7   0x1e  Code  Gb  myUart_echo.o [1]
UpdateContextCharMapping
                        0x00000f33   0x40  Code  Lc  string.o [5]
_PrintfTiny             0x00001a0b  0x136  Code  Gb  xprintftiny.o [3]
_SProut                 0x00000f7b    0xa  Code  Gb  xsprout.o [3]
__cmain                 0x000020a9         Code  Gb  cmain.o [7]
__exit                  0x00001b85   0x14  Code  Gb  exit.o [8]
__iar_data_init3        0x00001fb9   0x28  Code  Gb  data_init.o [7]
__iar_init_vfp          0x00002029         Code  Gb  fpinit_M.o [6]
__iar_packbits_init_single3
                        0x00001f59   0x38  Code  Gb  packbits_init_single.o [7]
__iar_program_start     0x0000209b         Code  Gb  cstartup_M.o [7]
__low_level_init        0x000020c3    0x4  Code  Gb  low_level_init.o [3]
__vector_table          0x00000000  0x26c  Data  Gb  startup_ewarm.o [1]
_call_main              0x000020b5         Code  Gb  cmain.o [7]
_exit                   0x00001b41         Code  Gb  cexit.o [7]
_main                   0x000020bf         Code  Gb  cmain.o [7]
b_toggle                0x20000058    0x1  Data  Gb  myUart_echo.o [1]
clearMenu               0x00000343   0x1a  Code  Gb  myUart_echo.o [1]
clearScreen             0x0000035d   0x56  Code  Gb  myUart_echo.o [1]
exit                    0x00000f77    0x4  Code  Gb  exit.o [3]
f_toggle                0x20000054    0x1  Data  Gb  myUart_echo.o [1]
gNumCharRecv            0x20000048    0x4  Data  Gb  myUart_echo.o [1]
g_psDefaultCodePointMapTable
                        0x00001858   0x10  Data  Gb  context.o [5]
g_psGrLibDefaults       0x20000050    0x4  Data  Lc  context.o [5]
g_pui32Xtals            0x000011fc   0x6c  Data  Lc  sysctl.o [4]
g_pui8FontFixed6x8Data  0x00001b98  0x2f8  Data  Lc  fontfixed6x8.o [5]
g_sCFAL96x64x16         0x00001f90   0x28  Data  Gb  cfal96x64x16.o [1]
g_sFontFixed6x8         0x00001e90   0xc8  Data  Gb  fontfixed6x8.o [5]
g_ui8DisplayInitCommands
                        0x20000000   0x14  Data  Lc  cfal96x64x16.o [1]
l_toggle                0x20000055    0x1  Data  Gb  myUart_echo.o [1]
led_toggle              0x20000057    0x1  Data  Gb  myUart_echo.o [1]
loopCount               0x2000004c    0x4  Data  Gb  myUart_echo.o [1]
main                    0x00000541  0x316  Code  Gb  myUart_echo.o [1]
out                     0x000019f3   0x18  Code  Lc  xprintftiny.o [3]
printMenu               0x000002e5   0x5e  Code  Gb  myUart_echo.o [1]
printNums               0x000003b3   0x7a  Code  Gb  myUart_echo.o [1]
processMenu             0x0000042d  0x10c  Code  Gb  myUart_echo.o [1]
pui32Stack              0x2000005c  0x200  Data  Lc  startup_ewarm.o [1]
sContext                0x2000001c   0x2c  Data  Gb  myUart_echo.o [1]
sRect                   0x20000014    0x8  Data  Gb  myUart_echo.o [1]
sprintf                 0x00000a59   0x34  Code  Gb  sprintf.o [3]
strlen                  0x00001b4d         Code  Gb  strlen.o [7]
u_toggle                0x20000056    0x1  Data  Gb  myUart_echo.o [1]


[1] = C:\Users\CAPRIOTN\Desktop\temp\ti\TivaWare_C_Series-2.1.4.178\examples\boards\dk-tm4c123g\myUart_echo\ewarm\Obj
[2] = command line
[3] = dl7M_tln.a
[4] = driverlib.a
[5] = grlib.a
[6] = m7M_tls.a
[7] = rt7M_tl.a
[8] = shb_l.a

  6 656 bytes of readonly  code memory
  1 978 bytes of readonly  data memory
    601 bytes of readwrite data memory

Errors: none
Warnings: none
