###############################################################################
#
# IAR ELF Linker V7.70.1.11437/W32 for ARM                25/Oct/2022  11:02:17
# Copyright 2007-2016 IAR Systems AB.
#
#    Output file  =  
#        C:\Users\CAPRIOTN\Desktop\temp\ti\TivaWare_C_Series-2.1.4.178\examples\boards\dk-tm4c123g\myTimer\ewarm\Exe\myTimer.out
#    Map file     =  
#        C:\Users\CAPRIOTN\Desktop\temp\ti\TivaWare_C_Series-2.1.4.178\examples\boards\dk-tm4c123g\myTimer\ewarm\List\myTimer.map
#    Command line =  
#        C:\Users\CAPRIOTN\Desktop\temp\ti\TivaWare_C_Series-2.1.4.178\examples\boards\dk-tm4c123g\myTimer\ewarm\Obj\cfal96x64x16.o
#        C:\Users\CAPRIOTN\Desktop\temp\ti\TivaWare_C_Series-2.1.4.178\driverlib\ewarm\Exe\driverlib.a
#        C:\Users\CAPRIOTN\Desktop\temp\ti\TivaWare_C_Series-2.1.4.178\grlib\ewarm\Exe\grlib.a
#        C:\Users\CAPRIOTN\Desktop\temp\ti\TivaWare_C_Series-2.1.4.178\examples\boards\dk-tm4c123g\myTimer\ewarm\Obj\myTimer.o
#        C:\Users\CAPRIOTN\Desktop\temp\ti\TivaWare_C_Series-2.1.4.178\examples\boards\dk-tm4c123g\myTimer\ewarm\Obj\startup_ewarm.o
#        --redirect _Printf=_PrintfTiny --redirect _Scanf=_ScanfSmall -o
#        C:\Users\CAPRIOTN\Desktop\temp\ti\TivaWare_C_Series-2.1.4.178\examples\boards\dk-tm4c123g\myTimer\ewarm\Exe\myTimer.out
#        --map
#        C:\Users\CAPRIOTN\Desktop\temp\ti\TivaWare_C_Series-2.1.4.178\examples\boards\dk-tm4c123g\myTimer\ewarm\List\myTimer.map
#        --config
#        C:\Users\CAPRIOTN\Desktop\temp\ti\TivaWare_C_Series-2.1.4.178\examples\boards\dk-tm4c123g\myTimer\myTimer.icf
#        --semihosting --entry __iar_program_start --vfe
#
###############################################################################

*******************************************************************************
*** RUNTIME MODEL ATTRIBUTES
***

CppFlavor       = *
__SystemLibrary = DLib


*******************************************************************************
*** PLACEMENT SUMMARY
***

"A0":  place at start of [0x00000000-0x0003ffff] { ro section .intvec };
"P1":  place in [from 0x00000000 to 0x0003ffff] { ro };
"P2":  place in [from 0x20000000 to 0x20007fff] { rw, block HEAP };
do not initialize { section .noinit };
initialize by copy { rw };

  Section            Kind        Address    Size  Object
  -------            ----        -------    ----  ------
"A0":                                      0x26c
  .intvec            const    0x00000000   0x26c  startup_ewarm.o [1]
                            - 0x0000026c   0x26c

"P1":                                     0x1f70
  .text              ro code  0x0000026c   0x670  myTimer.o [1]
  .text              ro code  0x000008dc    0xb2  rectangle.o [5]
  .text              ro code  0x0000098e     0xa  xsprout.o [3]
  .text              ro code  0x00000998    0x8e  timer.o [4]
  .text              ro code  0x00000a28   0x132  adc.o [4]
  .text              ro code  0x00000b5c   0x2e4  sysctl.o [4]
  .text              ro code  0x00000e40    0x88  interrupt.o [4]
  .text              ro code  0x00000ec8    0xca  uart.o [4]
  .text              ro code  0x00000f94   0x4ea  string.o [5]
  .text              ro code  0x00001480    0x34  sprintf.o [3]
  .text              ro code  0x000014b4     0x4  exit.o [3]
  .text              ro code  0x000014b8    0x10  fpu.o [4]
  .text              ro code  0x000014c8   0x3fc  cfal96x64x16.o [1]
  .text              ro code  0x000018c4    0x78  context.o [5]
  .text              ro code  0x0000193c   0x182  gpio.o [4]
  .text              ro code  0x00001ac0    0x10  cpu.o [4]
  .text              ro code  0x00001ad0   0x14e  xprintftiny.o [3]
  .text              ro code  0x00001c20     0xa  cexit.o [7]
  .text              ro code  0x00001c2c    0x3a  ABImemset48.o [7]
  .text              ro code  0x00001c68    0x36  strlen.o [7]
  .text              ro code  0x00001ca0    0x14  exit.o [8]
  .rodata            const    0x00001cb4   0x3c0  fontfixed6x8.o [5]
  .text              ro code  0x00002074    0x40  zero_init3.o [7]
  .text              ro code  0x000020b4    0x2c  copy_init3.o [7]
  .rodata            const    0x000020e0    0x28  cfal96x64x16.o [1]
  .text              ro code  0x00002108    0x28  data_init.o [7]
  .text              ro code  0x00002130    0x22  fpinit_M.o [6]
  .iar.init_table    const    0x00002154    0x24  - Linker created -
  .text              ro code  0x00002178    0x1a  startup_ewarm.o [1]
  .text              ro code  0x00002192     0xc  cstartup_M.o [7]
  .text              ro code  0x000021a0    0x1a  cmain.o [7]
  .text              ro code  0x000021ba     0x4  low_level_init.o [3]
  Initializer bytes  const    0x000021c0    0x14  <for P2-1>
  .text              ro code  0x000021d4     0x8  charmap.o [5]
  .rodata            const    0x000021dc     0x0  zero_init3.o [7]
  .rodata            const    0x000021dc     0x0  copy_init3.o [7]
                            - 0x000021dc  0x1f70

"P2", part 1 of 3:                          0x14
  P2-1                        0x20000000    0x14  <Init block>
    .data            inited   0x20000000    0x14  cfal96x64x16.o [1]
                            - 0x20000014    0x14

"P2", part 2 of 3:                         0x400
  .noinit            uninit   0x20000014   0x400  startup_ewarm.o [1]
                            - 0x20000414   0x400

"P2", part 3 of 3:                          0x64
  .bss               zero     0x20000414    0x5c  myTimer.o [1]
  .bss               zero     0x20000470     0x4  myTimer.o [1]
  .bss               zero     0x20000474     0x4  context.o [5]
                            - 0x20000478    0x64


*******************************************************************************
*** INIT TABLE
***

          Address     Size
          -------     ----
Zero (__iar_zero_init3)
    1 destination range, total size 0x64:
          0x20000414  0x64

Copy (__iar_copy_init3)
    1 source range, total size 0x14:
          0x000021c0  0x14
    1 destination range, total size 0x14:
          0x20000000  0x14



*******************************************************************************
*** MODULE SUMMARY
***

    Module            ro code  ro data  rw data
    ------            -------  -------  -------
C:\Users\CAPRIOTN\Desktop\temp\ti\TivaWare_C_Series-2.1.4.178\examples\boards\dk-tm4c123g\myTimer\ewarm\Obj: [1]
    cfal96x64x16.o      1 020       60       20
    myTimer.o           1 648                96
    startup_ewarm.o        26      620    1 024
    -------------------------------------------
    Total:              2 694      680    1 140

command line: [2]
    -------------------------------------------
    Total:

dl7M_tln.a: [3]
    exit.o                  4
    low_level_init.o        4
    sprintf.o              52
    xprintftiny.o         334
    xsprout.o              10
    -------------------------------------------
    Total:                404

driverlib.a: [4]
    adc.o                 306
    cpu.o                  16
    fpu.o                  16
    gpio.o                386
    interrupt.o           136
    sysctl.o              740
    timer.o               142
    uart.o                202
    -------------------------------------------
    Total:              1 944

grlib.a: [5]
    charmap.o               8
    context.o             120                 4
    fontfixed6x8.o                 960
    rectangle.o           178
    string.o            1 258
    -------------------------------------------
    Total:              1 564      960        4

m7M_tls.a: [6]
    fpinit_M.o             34
    -------------------------------------------
    Total:                 34

rt7M_tl.a: [7]
    ABImemset48.o          58
    cexit.o                10
    cmain.o                26
    copy_init3.o           44
    cstartup_M.o           12
    data_init.o            40
    strlen.o               54
    zero_init3.o           64
    -------------------------------------------
    Total:                308

shb_l.a: [8]
    exit.o                 20
    -------------------------------------------
    Total:                 20

    Gaps                   20        2
    Linker created                  38
-----------------------------------------------
    Grand Total:        6 988    1 680    1 144


*******************************************************************************
*** ENTRY LIST
***

Entry                      Address   Size  Type      Object
-----                      -------   ----  ----      ------
.iar.init_table$$Base   0x00002154          --   Gb  - Linker created -
.iar.init_table$$Limit  0x00002178          --   Gb  - Linker created -
?main                   0x000021a1         Code  Gb  cmain.o [7]
ADC0Value               0x20000454    0xc  Data  Gb  myTimer.o [1]
ADCProcessorTrigger     0x00000b35   0x1c  Code  Gb  adc.o [4]
ADCSequenceConfigure    0x00000a43   0x52  Code  Gb  adc.o [4]
ADCSequenceDataGet      0x00000b17   0x1e  Code  Gb  adc.o [4]
ADCSequenceDisable      0x00000a33    0x2  Code  Gb  adc.o [4]
ADCSequenceEnable       0x00000a29    0xa  Code  Gb  adc.o [4]
ADCSequenceStepConfigure
                        0x00000a95   0x76  Code  Gb  adc.o [4]
CFAL96x64x16ColorTranslate
                        0x00001759   0x16  Code  Lc  cfal96x64x16.o [1]
CFAL96x64x16Flush       0x0000176f    0x2  Code  Lc  cfal96x64x16.o [1]
CFAL96x64x16Init        0x00001771  0x118  Code  Gb  cfal96x64x16.o [1]
CFAL96x64x16LineDrawH   0x00001645   0x5e  Code  Lc  cfal96x64x16.o [1]
CFAL96x64x16LineDrawV   0x000016a7   0x7c  Code  Lc  cfal96x64x16.o [1]
CFAL96x64x16PixelDraw   0x00001541   0x2e  Code  Lc  cfal96x64x16.o [1]
CFAL96x64x16PixelDrawMultiple
                        0x0000156f   0xb2  Code  Lc  cfal96x64x16.o [1]
CFAL96x64x16RectFill    0x0000172d   0x2c  Code  Lc  cfal96x64x16.o [1]
CFAL96x64x16WriteCommand
                        0x000014c9   0x32  Code  Lc  cfal96x64x16.o [1]
CFAL96x64x16WriteData   0x000014fb   0x30  Code  Lc  cfal96x64x16.o [1]
CPUcpsid                0x00001ac1    0x8  Code  Gb  cpu.o [4]
CPUcpsie                0x00001ac9    0x8  Code  Gb  cpu.o [4]
FPULazyStackingEnable   0x000014b9    0xc  Code  Gb  fpu.o [4]
FaultISR                0x0000218f    0x2  Code  Lc  startup_ewarm.o [1]
GPIODirModeSet          0x0000193d   0x28  Code  Gb  gpio.o [4]
GPIOPadConfigSet        0x00001965   0xfe  Code  Gb  gpio.o [4]
GPIOPinTypeADC          0x00001a69    0x4  Code  Gb  gpio.o [4]
GPIOPinTypeGPIOOutput   0x00001a87    0xa  Code  Gb  gpio.o [4]
GPIOPinTypeUART         0x00001aab   0x14  Code  Gb  gpio.o [4]
GPIOPinWrite            0x00001a63    0x6  Code  Gb  gpio.o [4]
GrContextFontSet        0x0000147b    0x4  Code  Gb  string.o [5]
GrContextInit           0x000018c5   0x5e  Code  Gb  context.o [5]
GrDefaultStringRenderer
                        0x00001015   0xb2  Code  Gb  string.o [5]
GrFontBaselineGet       0x0000136d   0x18  Code  Gb  string.o [5]
GrFontCodepageGet       0x0000141f   0x1c  Code  Gb  string.o [5]
GrFontGlyphDataGet      0x0000139b   0x84  Code  Gb  string.o [5]
GrFontGlyphRender       0x000010f7  0x21e  Code  Gb  string.o [5]
GrFontInfoGet           0x00001343   0x2a  Code  Gb  string.o [5]
GrMapISO8859_1_Unicode  0x000021d5    0x8  Code  Gb  charmap.o [5]
GrRectFill              0x000008dd   0xb2  Code  Gb  rectangle.o [5]
GrStringDraw            0x00000fff   0x16  Code  Gb  string.o [5]
GrStringNextCharGet     0x000010c7   0x30  Code  Gb  string.o [5]
GrStringWidthGet        0x00000f95   0x6a  Code  Gb  string.o [5]
IntDefaultHandler       0x00002191    0x2  Code  Lc  startup_ewarm.o [1]
IntEnable               0x00000e57   0x56  Code  Gb  interrupt.o [4]
IntMasterDisable        0x00000e49    0x6  Code  Gb  interrupt.o [4]
IntMasterEnable         0x00000e41    0x8  Code  Gb  interrupt.o [4]
NmiSR                   0x0000218d    0x2  Code  Lc  startup_ewarm.o [1]
Region$$Table$$Base     0x00002154          --   Gb  - Linker created -
Region$$Table$$Limit    0x00002178          --   Gb  - Linker created -
ResetISR                0x00002179    0xe  Code  Gb  startup_ewarm.o [1]
SysCtlClockGet          0x00000c79  0x110  Code  Gb  sysctl.o [4]
SysCtlClockSet          0x00000ba1   0xd8  Code  Gb  sysctl.o [4]
SysCtlDelay             0x00000b99    0x8  Code  Gb  sysctl.o [4]
SysCtlPeripheralEnable  0x00000b7d    0x8  Code  Gb  sysctl.o [4]
SysCtlPeripheralReady   0x00000b5d    0x8  Code  Gb  sysctl.o [4]
Timer0IntHandler        0x00000291   0xc8  Code  Gb  myTimer.o [1]
Timer1IntHandler        0x00000367   0x5c  Code  Gb  myTimer.o [1]
TimerConfigure          0x000009a5   0x52  Code  Gb  timer.o [4]
TimerEnable             0x00000999    0xc  Code  Gb  timer.o [4]
TimerIntClear           0x00000a23    0x4  Code  Gb  timer.o [4]
TimerIntEnable          0x00000a19    0x4  Code  Gb  timer.o [4]
TimerLoadSet            0x00000a09   0x10  Code  Gb  timer.o [4]
TimerOneCount           0x2000044c    0x4  Data  Gb  myTimer.o [1]
UARTCharGetNonBlocking  0x00000f67    0xe  Code  Gb  uart.o [4]
UARTCharPut             0x00000f75    0xa  Code  Gb  uart.o [4]
UARTCharsAvail          0x00000f57    0x6  Code  Gb  uart.o [4]
UARTConfigSetExpClk     0x00000ec9   0x4c  Code  Gb  uart.o [4]
UARTDisable             0x00000f2f   0x1e  Code  Gb  uart.o [4]
UARTEnable              0x00000f15   0x1a  Code  Gb  uart.o [4]
UARTIntClear            0x00000f8f    0x4  Code  Gb  uart.o [4]
UARTIntEnable           0x00000f7f    0x6  Code  Gb  uart.o [4]
UARTIntHandler          0x000005a3   0x3c  Code  Gb  myTimer.o [1]
UARTIntStatus           0x00000f85    0xa  Code  Gb  uart.o [4]
UARTSend                0x000003e3   0x1e  Code  Gb  myTimer.o [1]
UpdateContextCharMapping
                        0x0000143b   0x40  Code  Lc  string.o [5]
_PrintfTiny             0x00001ae9  0x136  Code  Gb  xprintftiny.o [3]
_SProut                 0x0000098f    0xa  Code  Gb  xsprout.o [3]
__aeabi_memset4         0x00001c2d         Code  Gb  ABImemset48.o [7]
__aeabi_memset8         0x00001c2d         Code  Gb  ABImemset48.o [7]
__cmain                 0x000021a1         Code  Gb  cmain.o [7]
__exit                  0x00001ca1   0x14  Code  Gb  exit.o [8]
__iar_Memset4_word      0x00001c35         Code  Gb  ABImemset48.o [7]
__iar_Memset8_word      0x00001c35         Code  Gb  ABImemset48.o [7]
__iar_copy_init3        0x000020b5   0x2c  Code  Gb  copy_init3.o [7]
__iar_data_init3        0x00002109   0x28  Code  Gb  data_init.o [7]
__iar_init_vfp          0x00002131         Code  Gb  fpinit_M.o [6]
__iar_program_start     0x00002193         Code  Gb  cstartup_M.o [7]
__iar_zero_init3        0x00002075   0x40  Code  Gb  zero_init3.o [7]
__low_level_init        0x000021bb    0x4  Code  Gb  low_level_init.o [3]
__vector_table          0x00000000  0x26c  Data  Gb  startup_ewarm.o [1]
_call_main              0x000021ad         Code  Gb  cmain.o [7]
_exit                   0x00001c21         Code  Gb  cexit.o [7]
_main                   0x000021b7         Code  Gb  cmain.o [7]
a_toggle                0x20000415    0x1  Data  Gb  myTimer.o [1]
adc_display_toggle      0x20000416    0x1  Data  Gb  myTimer.o [1]
buf                     0x20000464    0xc  Data  Gb  myTimer.o [1]
clearMenu               0x0000044b   0x18  Code  Gb  myTimer.o [1]
clearScreen             0x0000026d   0x24  Code  Gb  myTimer.o [1]
exit                    0x000014b5    0x4  Code  Gb  exit.o [3]
gNumCharRecv            0x20000470    0x4  Data  Gb  myTimer.o [1]
g_psDefaultCodePointMapTable
                        0x0000192c   0x10  Data  Gb  context.o [5]
g_psGrLibDefaults       0x20000474    0x4  Data  Lc  context.o [5]
g_pui32EnRegs           0x00000eb4   0x14  Data  Lc  interrupt.o [4]
g_pui32Xtals            0x00000dd4   0x6c  Data  Lc  sysctl.o [4]
g_pui8FontFixed6x8Data  0x00001cb4  0x2f8  Data  Lc  fontfixed6x8.o [5]
g_sCFAL96x64x16         0x000020e0   0x28  Data  Gb  cfal96x64x16.o [1]
g_sContext              0x20000420   0x2c  Data  Gb  myTimer.o [1]
g_sFontFixed6x8         0x00001fac   0xc8  Data  Gb  fontfixed6x8.o [5]
g_ui8DisplayInitCommands
                        0x20000000   0x14  Data  Lc  cfal96x64x16.o [1]
led_toggle              0x20000414    0x1  Data  Gb  myTimer.o [1]
loopCount               0x20000460    0x4  Data  Gb  myTimer.o [1]
main                    0x000005e5  0x1b8  Code  Gb  myTimer.o [1]
out                     0x00001ad1   0x18  Code  Lc  xprintftiny.o [3]
printMenu               0x00000401   0x4a  Code  Gb  myTimer.o [1]
processMenu             0x0000052d   0x76  Code  Gb  myTimer.o [1]
pui32Stack              0x20000014  0x400  Data  Lc  startup_ewarm.o [1]
req                     0x20000450    0x4  Data  Gb  myTimer.o [1]
sRect                   0x20000418    0x8  Data  Gb  myTimer.o [1]
splash                  0x0000047f   0x84  Code  Gb  myTimer.o [1]
sprintf                 0x00001481   0x34  Code  Gb  sprintf.o [3]
strlen                  0x00001c69         Code  Gb  strlen.o [7]
timer1_toggle           0x20000417    0x1  Data  Gb  myTimer.o [1]


[1] = C:\Users\CAPRIOTN\Desktop\temp\ti\TivaWare_C_Series-2.1.4.178\examples\boards\dk-tm4c123g\myTimer\ewarm\Obj
[2] = command line
[3] = dl7M_tln.a
[4] = driverlib.a
[5] = grlib.a
[6] = m7M_tls.a
[7] = rt7M_tl.a
[8] = shb_l.a

  6 988 bytes of readonly  code memory
  1 680 bytes of readonly  data memory
  1 144 bytes of readwrite data memory

Errors: none
Warnings: none
