###############################################################################
#
# IAR ELF Linker V7.70.1.11437/W32 for ARM                07/Oct/2022  14:30:02
# Copyright 2007-2016 IAR Systems AB.
#
#    Output file  =  
#        C:\Users\CAPRIOTN\Desktop\temp\ti\TivaWare_C_Series-2.1.4.178\examples\boards\dk-tm4c123g\my2Uart_echo\ewarm\Exe\my2Uart_echo.out
#    Map file     =  
#        C:\Users\CAPRIOTN\Desktop\temp\ti\TivaWare_C_Series-2.1.4.178\examples\boards\dk-tm4c123g\my2Uart_echo\ewarm\List\my2Uart_echo.map
#    Command line =  
#        C:\Users\CAPRIOTN\Desktop\temp\ti\TivaWare_C_Series-2.1.4.178\examples\boards\dk-tm4c123g\my2Uart_echo\ewarm\Obj\cfal96x64x16.o
#        C:\Users\CAPRIOTN\Desktop\temp\ti\TivaWare_C_Series-2.1.4.178\driverlib\ewarm\Exe\driverlib.a
#        C:\Users\CAPRIOTN\Desktop\temp\ti\TivaWare_C_Series-2.1.4.178\grlib\ewarm\Exe\grlib.a
#        C:\Users\CAPRIOTN\Desktop\temp\ti\TivaWare_C_Series-2.1.4.178\examples\boards\dk-tm4c123g\my2Uart_echo\ewarm\Obj\my2Uart_echo.o
#        C:\Users\CAPRIOTN\Desktop\temp\ti\TivaWare_C_Series-2.1.4.178\examples\boards\dk-tm4c123g\my2Uart_echo\ewarm\Obj\startup_ewarm.o
#        --redirect _Printf=_PrintfTiny --redirect _Scanf=_ScanfSmall -o
#        C:\Users\CAPRIOTN\Desktop\temp\ti\TivaWare_C_Series-2.1.4.178\examples\boards\dk-tm4c123g\my2Uart_echo\ewarm\Exe\my2Uart_echo.out
#        --map
#        C:\Users\CAPRIOTN\Desktop\temp\ti\TivaWare_C_Series-2.1.4.178\examples\boards\dk-tm4c123g\my2Uart_echo\ewarm\List\my2Uart_echo.map
#        --config
#        C:\Users\CAPRIOTN\Desktop\temp\ti\TivaWare_C_Series-2.1.4.178\examples\boards\dk-tm4c123g\my2Uart_echo\my2Uart_echo.icf
#        --semihosting --entry __iar_program_start --vfe
#
###############################################################################

*******************************************************************************
*** RUNTIME MODEL ATTRIBUTES
***

CppFlavor       = *
__SystemLibrary = DLib


*******************************************************************************
*** PLACEMENT SUMMARY
***

"A0":  place at start of [0x00000000-0x0003ffff] { ro section .intvec };
"P1":  place in [from 0x00000000 to 0x0003ffff] { ro };
"P2":  place in [from 0x20000000 to 0x20007fff] { rw, block HEAP };
do not initialize { section .noinit };
initialize by copy { rw };

  Section            Kind        Address    Size  Object
  -------            ----        -------    ----  ------
"A0":                                      0x26c
  .intvec            const    0x00000000   0x26c  startup_ewarm.o [1]
                            - 0x0000026c   0x26c

"P1":                                     0x2666
  .text              ro code  0x0000026c   0xc04  my2Uart_echo.o [1]
  .text              ro code  0x00000e70    0xbe  uart.o [4]
  .text              ro code  0x00000f2e    0xb2  rectangle.o [5]
  .text              ro code  0x00000fe0    0x34  sprintf.o [3]
  .text              ro code  0x00001014   0x4ea  string.o [5]
  .text              ro code  0x000014fe     0xa  xsprout.o [3]
  .text              ro code  0x00001508   0x2e4  sysctl.o [4]
  .text              ro code  0x000017ec     0x4  exit.o [3]
  .text              ro code  0x000017f0   0x588  cfal96x64x16.o [1]
  .text              ro code  0x00001d78    0x78  context.o [5]
  .text              ro code  0x00001df0   0x1a4  gpio.o [4]
  .text              ro code  0x00001f94   0x132  adc.o [4]
  .text              ro code  0x000020c6   0x14e  xprintftiny.o [3]
  .text              ro code  0x00002214     0xa  cexit.o [7]
  .text              ro code  0x00002220    0x36  strlen.o [7]
  .text              ro code  0x00002258    0x14  exit.o [8]
  .rodata            const    0x0000226c   0x3c0  fontfixed6x8.o [5]
  .text              ro code  0x0000262c    0x38  packbits_init_single.o [7]
  .rodata            const    0x00002664    0x28  cfal96x64x16.o [1]
  .text              ro code  0x0000268c    0x28  data_init.o [7]
  .rodata            const    0x000026b4    0x24  my2Uart_echo.o [1]
  .rodata            const    0x000026d8    0x24  my2Uart_echo.o [1]
  .text              ro code  0x000026fc    0x22  fpinit_M.o [6]
  .iar.init_table    const    0x00002720    0x10  - Linker created -
  .rodata            const    0x00002730    0x20  my2Uart_echo.o [1]
  .text              ro code  0x00002750    0x1e  startup_ewarm.o [1]
  .text              ro code  0x0000276e     0xc  cstartup_M.o [7]
  .text              ro code  0x0000277c    0x1a  cmain.o [7]
  .text              ro code  0x00002796     0x4  low_level_init.o [3]
  .rodata            const    0x0000279c    0x1c  my2Uart_echo.o [1]
  .rodata            const    0x000027b8    0x1c  my2Uart_echo.o [1]
  .rodata            const    0x000027d4    0x1c  my2Uart_echo.o [1]
  .rodata            const    0x000027f0    0x18  my2Uart_echo.o [1]
  .rodata            const    0x00002808    0x14  my2Uart_echo.o [1]
  .rodata            const    0x0000281c    0x14  my2Uart_echo.o [1]
  .rodata            const    0x00002830    0x10  my2Uart_echo.o [1]
  .rodata            const    0x00002840    0x10  my2Uart_echo.o [1]
  .rodata            const    0x00002850     0xc  my2Uart_echo.o [1]
  .rodata            const    0x0000285c     0xc  my2Uart_echo.o [1]
  .rodata            const    0x00002868     0xc  my2Uart_echo.o [1]
  .rodata            const    0x00002874     0xc  my2Uart_echo.o [1]
  .rodata            const    0x00002880     0xc  my2Uart_echo.o [1]
  .rodata            const    0x0000288c     0xc  my2Uart_echo.o [1]
  .rodata            const    0x00002898     0xc  my2Uart_echo.o [1]
  .rodata            const    0x000028a4     0x8  my2Uart_echo.o [1]
  .rodata            const    0x000028ac     0x8  my2Uart_echo.o [1]
  .text              ro code  0x000028b4     0x8  charmap.o [5]
  .rodata            const    0x000028bc     0x0  packbits_init_single.o [7]
  Initializer bytes  const    0x000028bc    0x16  <for P2-1>
                            - 0x000028d2  0x2666

"P2", part 1 of 2:                          0x5c
  P2-1                        0x20000000    0x5c  <Init block>
    .data            inited   0x20000000    0x14  cfal96x64x16.o [1]
    .bss             inited   0x20000014     0x8  my2Uart_echo.o [1]
    .bss             inited   0x2000001c    0x2c  my2Uart_echo.o [1]
    .bss             inited   0x20000048     0x4  my2Uart_echo.o [1]
    .bss             inited   0x2000004c     0x4  my2Uart_echo.o [1]
    .bss             inited   0x20000050     0x4  context.o [5]
    .bss             inited   0x20000054     0x1  my2Uart_echo.o [1]
    .bss             inited   0x20000055     0x1  my2Uart_echo.o [1]
    .bss             inited   0x20000056     0x1  my2Uart_echo.o [1]
    .bss             inited   0x20000057     0x1  my2Uart_echo.o [1]
    .bss             inited   0x20000058     0x1  my2Uart_echo.o [1]
    .bss             inited   0x20000059     0x1  my2Uart_echo.o [1]
    .bss             inited   0x2000005a     0x1  my2Uart_echo.o [1]
    .bss             inited   0x2000005b     0x1  my2Uart_echo.o [1]
                            - 0x2000005c    0x5c

"P2", part 2 of 2:                         0x200
  .noinit            uninit   0x2000005c   0x200  startup_ewarm.o [1]
                            - 0x2000025c   0x200


*******************************************************************************
*** INIT TABLE
***

          Address     Size
          -------     ----
Copy/packbits (__iar_packbits_init_single3)
    1 source range, total size 0x16 (23% of destination):
          0x000028bc  0x16
    1 destination range, total size 0x5c:
          0x20000000  0x5c



*******************************************************************************
*** MODULE SUMMARY
***

    Module                  ro code  ro data  rw data
    ------                  -------  -------  -------
C:\Users\CAPRIOTN\Desktop\temp\ti\TivaWare_C_Series-2.1.4.178\examples\boards\dk-tm4c123g\my2Uart_echo\ewarm\Obj: [1]
    cfal96x64x16.o            1 416       44       20
    my2Uart_echo.o            3 076      401       68
    startup_ewarm.o              30      620      512
    -------------------------------------------------
    Total:                    4 522    1 065      600

command line: [2]
    -------------------------------------------------
    Total:

dl7M_tln.a: [3]
    exit.o                        4
    low_level_init.o              4
    sprintf.o                    52
    xprintftiny.o               334
    xsprout.o                    10
    -------------------------------------------------
    Total:                      404

driverlib.a: [4]
    adc.o                       306
    gpio.o                      420
    sysctl.o                    740
    uart.o                      190
    -------------------------------------------------
    Total:                    1 656

grlib.a: [5]
    charmap.o                     8
    context.o                   120        1        4
    fontfixed6x8.o                       960
    rectangle.o                 178
    string.o                  1 258
    -------------------------------------------------
    Total:                    1 564      961        4

m7M_tls.a: [6]
    fpinit_M.o                   34
    -------------------------------------------------
    Total:                       34

rt7M_tl.a: [7]
    cexit.o                      10
    cmain.o                      26
    cstartup_M.o                 12
    data_init.o                  40
    packbits_init_single.o       56
    strlen.o                     54
    -------------------------------------------------
    Total:                      198

shb_l.a: [8]
    exit.o                       20
    -------------------------------------------------
    Total:                       20

    Gaps                          6        4
    Linker created                        16
-----------------------------------------------------
    Grand Total:              8 404    2 046      604


*******************************************************************************
*** ENTRY LIST
***

Entry                      Address   Size  Type      Object
-----                      -------   ----  ----      ------
.iar.init_table$$Base   0x00002720          --   Gb  - Linker created -
.iar.init_table$$Limit  0x00002730          --   Gb  - Linker created -
?main                   0x0000277d         Code  Gb  cmain.o [7]
ADCProcessorTrigger     0x000020a1   0x1c  Code  Gb  adc.o [4]
ADCSequenceConfigure    0x00001faf   0x52  Code  Gb  adc.o [4]
ADCSequenceDataGet      0x00002083   0x1e  Code  Gb  adc.o [4]
ADCSequenceDisable      0x00001f9f    0x2  Code  Gb  adc.o [4]
ADCSequenceEnable       0x00001f95    0xa  Code  Gb  adc.o [4]
ADCSequenceStepConfigure
                        0x00002001   0x76  Code  Gb  adc.o [4]
CFAL96x64x16ColorTranslate
                        0x00001bcd   0x18  Code  Lc  cfal96x64x16.o [1]
CFAL96x64x16Flush       0x00001be5    0x2  Code  Lc  cfal96x64x16.o [1]
CFAL96x64x16Init        0x00001be7  0x15a  Code  Gb  cfal96x64x16.o [1]
CFAL96x64x16LineDrawH   0x00001a43   0x9e  Code  Lc  cfal96x64x16.o [1]
CFAL96x64x16LineDrawV   0x00001ae1   0xbe  Code  Lc  cfal96x64x16.o [1]
CFAL96x64x16PixelDraw   0x00001881   0x40  Code  Lc  cfal96x64x16.o [1]
CFAL96x64x16PixelDrawMultiple
                        0x000018c1  0x182  Code  Lc  cfal96x64x16.o [1]
CFAL96x64x16RectFill    0x00001b9f   0x2e  Code  Lc  cfal96x64x16.o [1]
CFAL96x64x16WriteCommand
                        0x000017f1   0x48  Code  Lc  cfal96x64x16.o [1]
CFAL96x64x16WriteData   0x00001839   0x48  Code  Lc  cfal96x64x16.o [1]
FaultISR                0x0000276b    0x2  Code  Lc  startup_ewarm.o [1]
GPIODirModeSet          0x00001df1   0x28  Code  Gb  gpio.o [4]
GPIOPadConfigSet        0x00001e19   0xfe  Code  Gb  gpio.o [4]
GPIOPinRead             0x00001f17    0x6  Code  Gb  gpio.o [4]
GPIOPinTypeADC          0x00001f23    0x4  Code  Gb  gpio.o [4]
GPIOPinTypeGPIOInput    0x00001f41   0x14  Code  Gb  gpio.o [4]
GPIOPinTypeGPIOOutput   0x00001f55    0xa  Code  Gb  gpio.o [4]
GPIOPinTypeUART         0x00001f79   0x14  Code  Gb  gpio.o [4]
GPIOPinWrite            0x00001f1d    0x6  Code  Gb  gpio.o [4]
GrContextFontSet        0x000014fb    0x4  Code  Gb  string.o [5]
GrContextInit           0x00001d79   0x5e  Code  Gb  context.o [5]
GrDefaultStringRenderer
                        0x00001095   0xb2  Code  Gb  string.o [5]
GrFontBaselineGet       0x000013ed   0x18  Code  Gb  string.o [5]
GrFontCodepageGet       0x0000149f   0x1c  Code  Gb  string.o [5]
GrFontGlyphDataGet      0x0000141b   0x84  Code  Gb  string.o [5]
GrFontGlyphRender       0x00001177  0x21e  Code  Gb  string.o [5]
GrFontInfoGet           0x000013c3   0x2a  Code  Gb  string.o [5]
GrMapISO8859_1_Unicode  0x000028b5    0x8  Code  Gb  charmap.o [5]
GrRectFill              0x00000f2f   0xb2  Code  Gb  rectangle.o [5]
GrStringDraw            0x0000107f   0x16  Code  Gb  string.o [5]
GrStringNextCharGet     0x00001147   0x30  Code  Gb  string.o [5]
GrStringWidthGet        0x00001015   0x6a  Code  Gb  string.o [5]
IntDefaultHandler       0x0000276d    0x2  Code  Lc  startup_ewarm.o [1]
NmiSR                   0x00002769    0x2  Code  Lc  startup_ewarm.o [1]
Region$$Table$$Base     0x00002720          --   Gb  - Linker created -
Region$$Table$$Limit    0x00002730          --   Gb  - Linker created -
ResetISR                0x00002751   0x14  Code  Gb  startup_ewarm.o [1]
SysCtlClockGet          0x00001625  0x110  Code  Gb  sysctl.o [4]
SysCtlClockSet          0x0000154d   0xd8  Code  Gb  sysctl.o [4]
SysCtlDelay             0x00001545    0x8  Code  Gb  sysctl.o [4]
SysCtlPeripheralEnable  0x00001529    0x8  Code  Gb  sysctl.o [4]
SysCtlPeripheralReady   0x00001509    0x8  Code  Gb  sysctl.o [4]
UARTCharGetNonBlocking  0x00000f09    0xe  Code  Gb  uart.o [4]
UARTCharPut             0x00000f25    0xa  Code  Gb  uart.o [4]
UARTCharPutNonBlocking  0x00000f17    0xe  Code  Gb  uart.o [4]
UARTCharsAvail          0x00000ef9    0x6  Code  Gb  uart.o [4]
UARTConfigSetExpClk     0x00000e71   0x4c  Code  Gb  uart.o [4]
UARTDisable             0x00000ed7   0x1e  Code  Gb  uart.o [4]
UARTEnable              0x00000ebd   0x1a  Code  Gb  uart.o [4]
UARTIntHandler          0x0000026d   0x5a  Code  Gb  my2Uart_echo.o [1]
UARTSend                0x000002c7   0x1e  Code  Gb  my2Uart_echo.o [1]
UpdateContextCharMapping
                        0x000014bb   0x40  Code  Lc  string.o [5]
_PrintfTiny             0x000020df  0x136  Code  Gb  xprintftiny.o [3]
_SProut                 0x000014ff    0xa  Code  Gb  xsprout.o [3]
__cmain                 0x0000277d         Code  Gb  cmain.o [7]
__exit                  0x00002259   0x14  Code  Gb  exit.o [8]
__iar_data_init3        0x0000268d   0x28  Code  Gb  data_init.o [7]
__iar_init_vfp          0x000026fd         Code  Gb  fpinit_M.o [6]
__iar_packbits_init_single3
                        0x0000262d   0x38  Code  Gb  packbits_init_single.o [7]
__iar_program_start     0x0000276f         Code  Gb  cstartup_M.o [7]
__low_level_init        0x00002797    0x4  Code  Gb  low_level_init.o [3]
__vector_table          0x00000000  0x26c  Data  Gb  startup_ewarm.o [1]
_call_main              0x00002789         Code  Gb  cmain.o [7]
_exit                   0x00002215         Code  Gb  cexit.o [7]
_main                   0x00002793         Code  Gb  cmain.o [7]
a_toggle                0x2000005a    0x1  Data  Gb  my2Uart_echo.o [1]
b_toggle                0x20000058    0x1  Data  Gb  my2Uart_echo.o [1]
bar_toggle              0x2000005b    0x1  Data  Gb  my2Uart_echo.o [1]
clearMenu               0x00000343   0x1a  Code  Gb  my2Uart_echo.o [1]
clearScreen             0x0000035d   0x56  Code  Gb  my2Uart_echo.o [1]
exit                    0x000017ed    0x4  Code  Gb  exit.o [3]
f_toggle                0x20000054    0x1  Data  Gb  my2Uart_echo.o [1]
gNumCharRecv            0x20000048    0x4  Data  Gb  my2Uart_echo.o [1]
g_psDefaultCodePointMapTable
                        0x00001de0   0x10  Data  Gb  context.o [5]
g_psGrLibDefaults       0x20000050    0x4  Data  Lc  context.o [5]
g_pui32Xtals            0x00001780   0x6c  Data  Lc  sysctl.o [4]
g_pui8FontFixed6x8Data  0x0000226c  0x2f8  Data  Lc  fontfixed6x8.o [5]
g_sCFAL96x64x16         0x00002664   0x28  Data  Gb  cfal96x64x16.o [1]
g_sFontFixed6x8         0x00002564   0xc8  Data  Gb  fontfixed6x8.o [5]
g_ui8DisplayInitCommands
                        0x20000000   0x14  Data  Lc  cfal96x64x16.o [1]
l_toggle                0x20000055    0x1  Data  Gb  my2Uart_echo.o [1]
led_toggle              0x20000057    0x1  Data  Gb  my2Uart_echo.o [1]
loopCount               0x2000004c    0x4  Data  Gb  my2Uart_echo.o [1]
main                    0x00000989  0x41e  Code  Gb  my2Uart_echo.o [1]
out                     0x000020c7   0x18  Code  Lc  xprintftiny.o [3]
printMenu               0x000002e5   0x5e  Code  Gb  my2Uart_echo.o [1]
printNums               0x000003b3   0x7a  Code  Gb  my2Uart_echo.o [1]
processMenu             0x000007ed  0x196  Code  Gb  my2Uart_echo.o [1]
pui32Stack              0x2000005c  0x200  Data  Lc  startup_ewarm.o [1]
sContext                0x2000001c   0x2c  Data  Gb  my2Uart_echo.o [1]
sRect                   0x20000014    0x8  Data  Gb  my2Uart_echo.o [1]
s_toggle                0x20000059    0x1  Data  Gb  my2Uart_echo.o [1]
splash                  0x00000641  0x1ac  Code  Gb  my2Uart_echo.o [1]
sprintf                 0x00000fe1   0x34  Code  Gb  sprintf.o [3]
startupSplash           0x0000042d  0x20c  Code  Gb  my2Uart_echo.o [1]
strlen                  0x00002221         Code  Gb  strlen.o [7]
u_toggle                0x20000056    0x1  Data  Gb  my2Uart_echo.o [1]


[1] = C:\Users\CAPRIOTN\Desktop\temp\ti\TivaWare_C_Series-2.1.4.178\examples\boards\dk-tm4c123g\my2Uart_echo\ewarm\Obj
[2] = command line
[3] = dl7M_tln.a
[4] = driverlib.a
[5] = grlib.a
[6] = m7M_tls.a
[7] = rt7M_tl.a
[8] = shb_l.a

  8 404 bytes of readonly  code memory
  2 046 bytes of readonly  data memory
    604 bytes of readwrite data memory

Errors: none
Warnings: none
